// Jest Snapshot v1, https://goo.gl/fbAQLP

exports[`Home Rendering the simple component 1`] = `ShallowWrapper {}`;
